bach-bwv773-notes24-35--unchanged 41
bach-bwv773-notes24-35--transpose 50
bach-bwv773-notes24-35--stretch 59
bach-bwv773-notes24-35--inventory_foil 62
bach-bwv773-notes24-35--near_foil 65
bach-bwv775-notes24-35--unchanged 74
bach-bwv775-notes24-35--transpose 83
bach-bwv775-notes24-35--stretch 92
bach-bwv775-notes24-35--inventory_foil 95
bach-bwv775-notes24-35--near_foil 98
bach-bwv778-notes24-35--unchanged 107
bach-bwv778-notes24-35--transpose 116
bach-bwv778-notes24-35--stretch 125
bach-bwv778-notes24-35--inventory_foil 128
bach-bwv778-notes24-35--near_foil 131
bach-bwv781-notes24-35--unchanged 140
bach-bwv781-notes24-35--transpose 149
bach-bwv781-notes24-35--stretch 158
bach-bwv781-notes24-35--inventory_foil 161
bach-bwv781-notes24-35--near_foil 164
novel-20260926-01--unchanged 173
novel-20260926-01--transpose 182
novel-20260926-01--stretch 191
novel-20260926-01--inventory_foil 194
novel-20260926-01--near_foil 197
novel-20260926-02--unchanged 206
novel-20260926-02--transpose 215
novel-20260926-02--stretch 224
novel-20260926-02--inventory_foil 227
novel-20260926-02--near_foil 230
novel-20260926-03--unchanged 239
novel-20260926-03--transpose 248
novel-20260926-03--stretch 257
novel-20260926-03--inventory_foil 260
novel-20260926-03--near_foil 263
novel-20260926-04--unchanged 272
novel-20260926-04--transpose 281
novel-20260926-04--stretch 290
novel-20260926-04--inventory_foil 293
novel-20260926-04--near_foil 296
