{"session": "s04-0", "policy": "fifo", "mode": "full", "completed": true}
{"session": "s04-0", "policy": "fifo", "mode": "removed", "completed": true}
{"session": "s04-0", "policy": "reservoir", "mode": "full", "completed": true}
{"session": "s04-0", "policy": "reservoir", "mode": "removed", "completed": true}
{"session": "s04-0", "policy": "diversity", "mode": "full", "completed": true}
{"session": "s04-0", "policy": "diversity", "mode": "removed", "completed": true}
{"session": "s04-0", "policy": "unpressured", "mode": "full", "completed": true}
{"session": "s04-0", "policy": "unpressured", "mode": "removed", "completed": true}
{"session": "s04-0", "policy": "present", "mode": "full", "completed": true}
{"session": "s04-0", "policy": "present", "mode": "removed", "completed": true}
{"session": "s04-1", "policy": "fifo", "mode": "full", "completed": true}
{"session": "s04-1", "policy": "fifo", "mode": "removed", "completed": true}
{"session": "s04-1", "policy": "reservoir", "mode": "full", "completed": true}
{"session": "s04-1", "policy": "reservoir", "mode": "removed", "completed": true}
{"session": "s04-1", "policy": "diversity", "mode": "full", "completed": true}
{"session": "s04-1", "policy": "diversity", "mode": "removed", "completed": true}
{"session": "s04-1", "policy": "unpressured", "mode": "full", "completed": true}
{"session": "s04-1", "policy": "unpressured", "mode": "removed", "completed": true}
{"session": "s04-1", "policy": "present", "mode": "full", "completed": true}
{"session": "s04-1", "policy": "present", "mode": "removed", "completed": true}
{"session": "s04-2", "policy": "fifo", "mode": "full", "completed": true}
{"session": "s04-2", "policy": "fifo", "mode": "removed", "completed": true}
{"session": "s04-2", "policy": "reservoir", "mode": "full", "completed": true}
{"session": "s04-2", "policy": "reservoir", "mode": "removed", "completed": true}
{"session": "s04-2", "policy": "diversity", "mode": "full", "completed": true}
{"session": "s04-2", "policy": "diversity", "mode": "removed", "completed": true}
{"session": "s04-2", "policy": "unpressured", "mode": "full", "completed": true}
{"session": "s04-2", "policy": "unpressured", "mode": "removed", "completed": true}
{"session": "s04-2", "policy": "present", "mode": "full", "completed": true}
{"session": "s04-2", "policy": "present", "mode": "removed", "completed": true}
{"session": "s04-3", "policy": "fifo", "mode": "full", "completed": true}
{"session": "s04-3", "policy": "reservoir", "mode": "full", "completed": true}
{"session": "s04-3", "policy": "diversity", "mode": "full", "completed": true}
{"session": "s04-3", "policy": "unpressured", "mode": "full", "completed": true}
{"session": "s04-3", "policy": "present", "mode": "full", "completed": true}
{"session": "s05-0", "policy": "fifo", "mode": "full", "completed": true}
{"session": "s05-0", "policy": "fifo", "mode": "removed", "completed": true}
{"session": "s05-0", "policy": "reservoir", "mode": "full", "completed": true}
{"session": "s05-0", "policy": "reservoir", "mode": "removed", "completed": true}
{"session": "s05-0", "policy": "diversity", "mode": "full", "completed": true}
{"session": "s05-0", "policy": "diversity", "mode": "removed", "completed": true}
{"session": "s05-0", "policy": "unpressured", "mode": "full", "completed": true}
{"session": "s05-0", "policy": "unpressured", "mode": "removed", "completed": true}
{"session": "s05-0", "policy": "present", "mode": "full", "completed": true}
{"session": "s05-0", "policy": "present", "mode": "removed", "completed": true}
{"session": "s05-1", "policy": "fifo", "mode": "full", "completed": true}
{"session": "s05-1", "policy": "fifo", "mode": "removed", "completed": true}
{"session": "s05-1", "policy": "reservoir", "mode": "full", "completed": true}
{"session": "s05-1", "policy": "reservoir", "mode": "removed", "completed": true}
{"session": "s05-1", "policy": "diversity", "mode": "full", "completed": true}
{"session": "s05-1", "policy": "diversity", "mode": "removed", "completed": true}
{"session": "s05-1", "policy": "unpressured", "mode": "full", "completed": true}
{"session": "s05-1", "policy": "unpressured", "mode": "removed", "completed": true}
{"session": "s05-1", "policy": "present", "mode": "full", "completed": true}
{"session": "s05-1", "policy": "present", "mode": "removed", "completed": true}
{"session": "s05-2", "policy": "fifo", "mode": "full", "completed": true}
{"session": "s05-2", "policy": "fifo", "mode": "removed", "completed": true}
{"session": "s05-2", "policy": "reservoir", "mode": "full", "completed": true}
{"session": "s05-2", "policy": "reservoir", "mode": "removed", "completed": true}
{"session": "s05-2", "policy": "diversity", "mode": "full", "completed": true}
{"session": "s05-2", "policy": "diversity", "mode": "removed", "completed": true}
{"session": "s05-2", "policy": "unpressured", "mode": "full", "completed": true}
{"session": "s05-2", "policy": "unpressured", "mode": "removed", "completed": true}
{"session": "s05-2", "policy": "present", "mode": "full", "completed": true}
{"session": "s05-2", "policy": "present", "mode": "removed", "completed": true}
{"session": "s05-3", "policy": "fifo", "mode": "full", "completed": true}
{"session": "s05-3", "policy": "reservoir", "mode": "full", "completed": true}
{"session": "s05-3", "policy": "diversity", "mode": "full", "completed": true}
{"session": "s05-3", "policy": "unpressured", "mode": "full", "completed": true}
{"session": "s05-3", "policy": "present", "mode": "full", "completed": true}
{"session": "s06-0", "policy": "fifo", "mode": "full", "completed": true}
{"session": "s06-0", "policy": "fifo", "mode": "removed", "completed": true}
{"session": "s06-0", "policy": "reservoir", "mode": "full", "completed": true}
{"session": "s06-0", "policy": "reservoir", "mode": "removed", "completed": true}
{"session": "s06-0", "policy": "diversity", "mode": "full", "completed": true}
{"session": "s06-0", "policy": "diversity", "mode": "removed", "completed": true}
{"session": "s06-0", "policy": "unpressured", "mode": "full", "completed": true}
{"session": "s06-0", "policy": "unpressured", "mode": "removed", "completed": true}
{"session": "s06-0", "policy": "present", "mode": "full", "completed": true}
{"session": "s06-0", "policy": "present", "mode": "removed", "completed": true}
{"session": "s06-1", "policy": "fifo", "mode": "full", "completed": true}
{"session": "s06-1", "policy": "fifo", "mode": "removed", "completed": true}
{"session": "s06-1", "policy": "reservoir", "mode": "full", "completed": true}
{"session": "s06-1", "policy": "reservoir", "mode": "removed", "completed": true}
{"session": "s06-1", "policy": "diversity", "mode": "full", "completed": true}
{"session": "s06-1", "policy": "diversity", "mode": "removed", "completed": true}
{"session": "s06-1", "policy": "unpressured", "mode": "full", "completed": true}
{"session": "s06-1", "policy": "unpressured", "mode": "removed", "completed": true}
{"session": "s06-1", "policy": "present", "mode": "full", "completed": true}
{"session": "s06-1", "policy": "present", "mode": "removed", "completed": true}
{"session": "s06-2", "policy": "fifo", "mode": "full", "completed": true}
{"session": "s06-2", "policy": "fifo", "mode": "removed", "completed": true}
{"session": "s06-2", "policy": "reservoir", "mode": "full", "completed": true}
{"session": "s06-2", "policy": "reservoir", "mode": "removed", "completed": true}
{"session": "s06-2", "policy": "diversity", "mode": "full", "completed": true}
{"session": "s06-2", "policy": "diversity", "mode": "removed", "completed": true}
{"session": "s06-2", "policy": "unpressured", "mode": "full", "completed": true}
{"session": "s06-2", "policy": "unpressured", "mode": "removed", "completed": true}
{"session": "s06-2", "policy": "present", "mode": "full", "completed": true}
{"session": "s06-2", "policy": "present", "mode": "removed", "completed": true}
{"session": "s06-3", "policy": "fifo", "mode": "full", "completed": true}
{"session": "s06-3", "policy": "reservoir", "mode": "full", "completed": true}
{"session": "s06-3", "policy": "diversity", "mode": "full", "completed": true}
{"session": "s06-3", "policy": "unpressured", "mode": "full", "completed": true}
{"session": "s06-3", "policy": "present", "mode": "full", "completed": true}
{"session": "s07-0", "policy": "fifo", "mode": "full", "completed": true}
{"session": "s07-0", "policy": "fifo", "mode": "removed", "completed": true}
{"session": "s07-0", "policy": "reservoir", "mode": "full", "completed": true}
{"session": "s07-0", "policy": "reservoir", "mode": "removed", "completed": true}
{"session": "s07-0", "policy": "diversity", "mode": "full", "completed": true}
{"session": "s07-0", "policy": "diversity", "mode": "removed", "completed": true}
{"session": "s07-0", "policy": "unpressured", "mode": "full", "completed": true}
{"session": "s07-0", "policy": "unpressured", "mode": "removed", "completed": true}
{"session": "s07-0", "policy": "present", "mode": "full", "completed": true}
{"session": "s07-0", "policy": "present", "mode": "removed", "completed": true}
{"session": "s07-1", "policy": "fifo", "mode": "full", "completed": true}
{"session": "s07-1", "policy": "fifo", "mode": "removed", "completed": true}
{"session": "s07-1", "policy": "reservoir", "mode": "full", "completed": true}
{"session": "s07-1", "policy": "reservoir", "mode": "removed", "completed": true}
{"session": "s07-1", "policy": "diversity", "mode": "full", "completed": true}
{"session": "s07-1", "policy": "diversity", "mode": "removed", "completed": true}
{"session": "s07-1", "policy": "unpressured", "mode": "full", "completed": true}
{"session": "s07-1", "policy": "unpressured", "mode": "removed", "completed": true}
{"session": "s07-1", "policy": "present", "mode": "full", "completed": true}
{"session": "s07-1", "policy": "present", "mode": "removed", "completed": true}
{"session": "s07-2", "policy": "fifo", "mode": "full", "completed": true}
{"session": "s07-2", "policy": "fifo", "mode": "removed", "completed": true}
{"session": "s07-2", "policy": "reservoir", "mode": "full", "completed": true}
{"session": "s07-2", "policy": "reservoir", "mode": "removed", "completed": true}
{"session": "s07-2", "policy": "diversity", "mode": "full", "completed": true}
{"session": "s07-2", "policy": "diversity", "mode": "removed", "completed": true}
{"session": "s07-2", "policy": "unpressured", "mode": "full", "completed": true}
{"session": "s07-2", "policy": "unpressured", "mode": "removed", "completed": true}
{"session": "s07-2", "policy": "present", "mode": "full", "completed": true}
{"session": "s07-2", "policy": "present", "mode": "removed", "completed": true}
{"session": "s07-3", "policy": "fifo", "mode": "full", "completed": true}
{"session": "s07-3", "policy": "reservoir", "mode": "full", "completed": true}
{"session": "s07-3", "policy": "diversity", "mode": "full", "completed": true}
{"session": "s07-3", "policy": "unpressured", "mode": "full", "completed": true}
{"session": "s07-3", "policy": "present", "mode": "full", "completed": true}
