{"session": "s00-0", "policy": "fifo", "mode": "full", "completed": true}
{"session": "s00-0", "policy": "fifo", "mode": "removed", "completed": true}
{"session": "s00-0", "policy": "reservoir", "mode": "full", "completed": true}
{"session": "s00-0", "policy": "reservoir", "mode": "removed", "completed": true}
{"session": "s00-0", "policy": "diversity", "mode": "full", "completed": true}
{"session": "s00-0", "policy": "diversity", "mode": "removed", "completed": true}
{"session": "s00-0", "policy": "unpressured", "mode": "full", "completed": true}
{"session": "s00-0", "policy": "unpressured", "mode": "removed", "completed": true}
{"session": "s00-0", "policy": "present", "mode": "full", "completed": true}
{"session": "s00-0", "policy": "present", "mode": "removed", "completed": true}
{"session": "s00-1", "policy": "fifo", "mode": "full", "completed": true}
{"session": "s00-1", "policy": "fifo", "mode": "removed", "completed": true}
{"session": "s00-1", "policy": "reservoir", "mode": "full", "completed": true}
{"session": "s00-1", "policy": "reservoir", "mode": "removed", "completed": true}
{"session": "s00-1", "policy": "diversity", "mode": "full", "completed": true}
{"session": "s00-1", "policy": "diversity", "mode": "removed", "completed": true}
{"session": "s00-1", "policy": "unpressured", "mode": "full", "completed": true}
{"session": "s00-1", "policy": "unpressured", "mode": "removed", "completed": true}
{"session": "s00-1", "policy": "present", "mode": "full", "completed": true}
{"session": "s00-1", "policy": "present", "mode": "removed", "completed": true}
{"session": "s00-2", "policy": "fifo", "mode": "full", "completed": true}
{"session": "s00-2", "policy": "fifo", "mode": "removed", "completed": true}
{"session": "s00-2", "policy": "reservoir", "mode": "full", "completed": true}
{"session": "s00-2", "policy": "reservoir", "mode": "removed", "completed": true}
{"session": "s00-2", "policy": "diversity", "mode": "full", "completed": true}
{"session": "s00-2", "policy": "diversity", "mode": "removed", "completed": true}
{"session": "s00-2", "policy": "unpressured", "mode": "full", "completed": true}
{"session": "s00-2", "policy": "unpressured", "mode": "removed", "completed": true}
{"session": "s00-2", "policy": "present", "mode": "full", "completed": true}
{"session": "s00-2", "policy": "present", "mode": "removed", "completed": true}
{"session": "s00-3", "policy": "fifo", "mode": "full", "completed": true}
{"session": "s00-3", "policy": "reservoir", "mode": "full", "completed": true}
{"session": "s00-3", "policy": "diversity", "mode": "full", "completed": true}
{"session": "s00-3", "policy": "unpressured", "mode": "full", "completed": true}
{"session": "s00-3", "policy": "present", "mode": "full", "completed": true}
{"session": "s01-0", "policy": "fifo", "mode": "full", "completed": true}
{"session": "s01-0", "policy": "fifo", "mode": "removed", "completed": true}
{"session": "s01-0", "policy": "reservoir", "mode": "full", "completed": true}
{"session": "s01-0", "policy": "reservoir", "mode": "removed", "completed": true}
{"session": "s01-0", "policy": "diversity", "mode": "full", "completed": true}
{"session": "s01-0", "policy": "diversity", "mode": "removed", "completed": true}
{"session": "s01-0", "policy": "unpressured", "mode": "full", "completed": true}
{"session": "s01-0", "policy": "unpressured", "mode": "removed", "completed": true}
{"session": "s01-0", "policy": "present", "mode": "full", "completed": true}
{"session": "s01-0", "policy": "present", "mode": "removed", "completed": true}
{"session": "s01-1", "policy": "fifo", "mode": "full", "completed": true}
{"session": "s01-1", "policy": "fifo", "mode": "removed", "completed": true}
{"session": "s01-1", "policy": "reservoir", "mode": "full", "completed": true}
{"session": "s01-1", "policy": "reservoir", "mode": "removed", "completed": true}
{"session": "s01-1", "policy": "diversity", "mode": "full", "completed": true}
{"session": "s01-1", "policy": "diversity", "mode": "removed", "completed": true}
{"session": "s01-1", "policy": "unpressured", "mode": "full", "completed": true}
{"session": "s01-1", "policy": "unpressured", "mode": "removed", "completed": true}
{"session": "s01-1", "policy": "present", "mode": "full", "completed": true}
{"session": "s01-1", "policy": "present", "mode": "removed", "completed": true}
{"session": "s01-2", "policy": "fifo", "mode": "full", "completed": true}
{"session": "s01-2", "policy": "fifo", "mode": "removed", "completed": true}
{"session": "s01-2", "policy": "reservoir", "mode": "full", "completed": true}
{"session": "s01-2", "policy": "reservoir", "mode": "removed", "completed": true}
{"session": "s01-2", "policy": "diversity", "mode": "full", "completed": true}
{"session": "s01-2", "policy": "diversity", "mode": "removed", "completed": true}
{"session": "s01-2", "policy": "unpressured", "mode": "full", "completed": true}
{"session": "s01-2", "policy": "unpressured", "mode": "removed", "completed": true}
{"session": "s01-2", "policy": "present", "mode": "full", "completed": true}
{"session": "s01-2", "policy": "present", "mode": "removed", "completed": true}
{"session": "s01-3", "policy": "fifo", "mode": "full", "completed": true}
{"session": "s01-3", "policy": "reservoir", "mode": "full", "completed": true}
{"session": "s01-3", "policy": "diversity", "mode": "full", "completed": true}
{"session": "s01-3", "policy": "unpressured", "mode": "full", "completed": true}
{"session": "s01-3", "policy": "present", "mode": "full", "completed": true}
{"session": "s02-0", "policy": "fifo", "mode": "full", "completed": true}
{"session": "s02-0", "policy": "fifo", "mode": "removed", "completed": true}
{"session": "s02-0", "policy": "reservoir", "mode": "full", "completed": true}
{"session": "s02-0", "policy": "reservoir", "mode": "removed", "completed": true}
{"session": "s02-0", "policy": "diversity", "mode": "full", "completed": true}
{"session": "s02-0", "policy": "diversity", "mode": "removed", "completed": true}
{"session": "s02-0", "policy": "unpressured", "mode": "full", "completed": true}
{"session": "s02-0", "policy": "unpressured", "mode": "removed", "completed": true}
{"session": "s02-0", "policy": "present", "mode": "full", "completed": true}
{"session": "s02-0", "policy": "present", "mode": "removed", "completed": true}
{"session": "s02-1", "policy": "fifo", "mode": "full", "completed": true}
{"session": "s02-1", "policy": "fifo", "mode": "removed", "completed": true}
{"session": "s02-1", "policy": "reservoir", "mode": "full", "completed": true}
{"session": "s02-1", "policy": "reservoir", "mode": "removed", "completed": true}
{"session": "s02-1", "policy": "diversity", "mode": "full", "completed": true}
{"session": "s02-1", "policy": "diversity", "mode": "removed", "completed": true}
{"session": "s02-1", "policy": "unpressured", "mode": "full", "completed": true}
{"session": "s02-1", "policy": "unpressured", "mode": "removed", "completed": true}
{"session": "s02-1", "policy": "present", "mode": "full", "completed": true}
{"session": "s02-1", "policy": "present", "mode": "removed", "completed": true}
{"session": "s02-2", "policy": "fifo", "mode": "full", "completed": true}
{"session": "s02-2", "policy": "fifo", "mode": "removed", "completed": true}
{"session": "s02-2", "policy": "reservoir", "mode": "full", "completed": true}
{"session": "s02-2", "policy": "reservoir", "mode": "removed", "completed": true}
{"session": "s02-2", "policy": "diversity", "mode": "full", "completed": true}
{"session": "s02-2", "policy": "diversity", "mode": "removed", "completed": true}
{"session": "s02-2", "policy": "unpressured", "mode": "full", "completed": true}
{"session": "s02-2", "policy": "unpressured", "mode": "removed", "completed": true}
{"session": "s02-2", "policy": "present", "mode": "full", "completed": true}
{"session": "s02-2", "policy": "present", "mode": "removed", "completed": true}
{"session": "s02-3", "policy": "fifo", "mode": "full", "completed": true}
{"session": "s02-3", "policy": "reservoir", "mode": "full", "completed": true}
{"session": "s02-3", "policy": "diversity", "mode": "full", "completed": true}
{"session": "s02-3", "policy": "unpressured", "mode": "full", "completed": true}
{"session": "s02-3", "policy": "present", "mode": "full", "completed": true}
{"session": "s03-0", "policy": "fifo", "mode": "full", "completed": true}
{"session": "s03-0", "policy": "fifo", "mode": "removed", "completed": true}
{"session": "s03-0", "policy": "reservoir", "mode": "full", "completed": true}
{"session": "s03-0", "policy": "reservoir", "mode": "removed", "completed": true}
{"session": "s03-0", "policy": "diversity", "mode": "full", "completed": true}
{"session": "s03-0", "policy": "diversity", "mode": "removed", "completed": true}
{"session": "s03-0", "policy": "unpressured", "mode": "full", "completed": true}
{"session": "s03-0", "policy": "unpressured", "mode": "removed", "completed": true}
{"session": "s03-0", "policy": "present", "mode": "full", "completed": true}
{"session": "s03-0", "policy": "present", "mode": "removed", "completed": true}
{"session": "s03-1", "policy": "fifo", "mode": "full", "completed": true}
{"session": "s03-1", "policy": "fifo", "mode": "removed", "completed": true}
{"session": "s03-1", "policy": "reservoir", "mode": "full", "completed": true}
{"session": "s03-1", "policy": "reservoir", "mode": "removed", "completed": true}
{"session": "s03-1", "policy": "diversity", "mode": "full", "completed": true}
{"session": "s03-1", "policy": "diversity", "mode": "removed", "completed": true}
{"session": "s03-1", "policy": "unpressured", "mode": "full", "completed": true}
{"session": "s03-1", "policy": "unpressured", "mode": "removed", "completed": true}
{"session": "s03-1", "policy": "present", "mode": "full", "completed": true}
{"session": "s03-1", "policy": "present", "mode": "removed", "completed": true}
{"session": "s03-2", "policy": "fifo", "mode": "full", "completed": true}
{"session": "s03-2", "policy": "fifo", "mode": "removed", "completed": true}
{"session": "s03-2", "policy": "reservoir", "mode": "full", "completed": true}
{"session": "s03-2", "policy": "reservoir", "mode": "removed", "completed": true}
{"session": "s03-2", "policy": "diversity", "mode": "full", "completed": true}
{"session": "s03-2", "policy": "diversity", "mode": "removed", "completed": true}
{"session": "s03-2", "policy": "unpressured", "mode": "full", "completed": true}
{"session": "s03-2", "policy": "unpressured", "mode": "removed", "completed": true}
{"session": "s03-2", "policy": "present", "mode": "full", "completed": true}
{"session": "s03-2", "policy": "present", "mode": "removed", "completed": true}
{"session": "s03-3", "policy": "fifo", "mode": "full", "completed": true}
{"session": "s03-3", "policy": "reservoir", "mode": "full", "completed": true}
{"session": "s03-3", "policy": "diversity", "mode": "full", "completed": true}
{"session": "s03-3", "policy": "unpressured", "mode": "full", "completed": true}
{"session": "s03-3", "policy": "present", "mode": "full", "completed": true}
